2026-07-05 11:12:43.613 [restartedMain] INFO  c.s.desk.ServiceDeskApplication - Starting ServiceDeskApplication using Java 17.0.12 with PID 15576 (C:\Users\Airton\Documents\workspace-spring-tool-suite-4-4.16.0.RELEASE\FluxoCaixa\target\classes started by Airton in C:\Users\Airton\Documents\workspace-spring-tool-suite-4-4.16.0.RELEASE\FluxoCaixa)
2026-07-05 11:12:43.680 [restartedMain] INFO  c.s.desk.ServiceDeskApplication - The following 1 profile is active: "dev"
2026-07-05 11:12:43.927 [restartedMain] INFO  o.s.b.d.e.DevToolsPropertyDefaultsPostProcessor - Devtools property defaults active! Set 'spring.devtools.add-properties' to 'false' to disable
2026-07-05 11:12:44.010 [restartedMain] INFO  o.s.b.d.e.DevToolsPropertyDefaultsPostProcessor - For additional web related logging consider setting the 'logging.level.web' property to 'DEBUG'
2026-07-05 11:12:50.641 [restartedMain] INFO  o.s.d.r.c.RepositoryConfigurationDelegate - Bootstrapping Spring Data JPA repositories in DEFAULT mode.
2026-07-05 11:12:51.744 [restartedMain] INFO  o.s.d.r.c.RepositoryConfigurationDelegate - Finished Spring Data repository scanning in 1063 ms. Found 20 JPA repository interfaces.
2026-07-05 11:12:58.567 [restartedMain] INFO  o.s.b.w.e.tomcat.TomcatWebServer - Tomcat initialized with port 8080 (http)
2026-07-05 11:12:58.595 [restartedMain] INFO  o.a.coyote.http11.Http11NioProtocol - The ["http-nio-8080"] connector has been configured to support HTTP upgrade to [h2c]
2026-07-05 11:12:58.596 [restartedMain] INFO  o.a.coyote.http11.Http11NioProtocol - Initializing ProtocolHandler ["http-nio-8080"]
2026-07-05 11:12:58.600 [restartedMain] INFO  o.a.catalina.core.StandardService - Starting service [Tomcat]
2026-07-05 11:12:58.607 [restartedMain] INFO  o.a.catalina.core.StandardEngine - Starting Servlet engine: [Apache Tomcat/10.1.41]
2026-07-05 11:12:58.880 [restartedMain] INFO  o.a.c.c.C.[Tomcat].[localhost].[/] - Initializing Spring embedded WebApplicationContext
2026-07-05 11:12:58.883 [restartedMain] INFO  o.s.b.w.s.c.ServletWebServerApplicationContext - Root WebApplicationContext: initialization completed in 14868 ms
2026-07-05 11:13:00.065 [restartedMain] INFO  o.h.jpa.internal.util.LogHelper - HHH000204: Processing PersistenceUnitInfo [name: default]
2026-07-05 11:13:00.475 [restartedMain] INFO  org.hibernate.Version - HHH000412: Hibernate ORM core version 6.6.15.Final
2026-07-05 11:13:00.613 [restartedMain] INFO  o.h.c.i.RegionFactoryInitiator - HHH000026: Second-level cache disabled
2026-07-05 11:13:01.738 [restartedMain] INFO  o.s.o.j.p.SpringPersistenceUnitInfo - No LoadTimeWeaver setup: ignoring JPA class transformer
2026-07-05 11:13:01.815 [restartedMain] WARN  org.hibernate.orm.deprecation - HHH90000021: Encountered deprecated setting [hibernate.temp.use_jdbc_metadata_defaults], use [hibernate.boot.allow_jdbc_metadata_access] instead
2026-07-05 11:13:01.925 [restartedMain] INFO  com.zaxxer.hikari.HikariDataSource - PoolHikari - Starting...
2026-07-05 11:13:02.438 [restartedMain] INFO  com.zaxxer.hikari.pool.HikariPool - PoolHikari - Added connection org.postgresql.jdbc.PgConnection@28ec6847
2026-07-05 11:13:02.441 [restartedMain] INFO  com.zaxxer.hikari.HikariDataSource - PoolHikari - Start completed.
2026-07-05 11:13:02.582 [restartedMain] WARN  org.hibernate.orm.deprecation - HHH90000025: PostgreSQLDialect does not need to be specified explicitly using 'hibernate.dialect' (remove the property setting and it will be selected by default)
2026-07-05 11:13:02.644 [restartedMain] INFO  o.hibernate.orm.connections.pooling - HHH10001005: Database info:
	Database JDBC URL [Connecting through datasource 'HikariDataSource (PoolHikari)']
	Database driver: undefined/unknown
	Database version: 17.6
	Autocommit mode: undefined/unknown
	Isolation level: undefined/unknown
	Minimum pool size: undefined/unknown
	Maximum pool size: undefined/unknown
2026-07-05 11:13:07.355 [restartedMain] INFO  o.h.e.t.j.p.i.JtaPlatformInitiator - HHH000489: No JTA platform available (set 'hibernate.transaction.jta.platform' to enable JTA platform integration)
2026-07-05 11:13:07.411 [restartedMain] INFO  o.hibernate.orm.connections.access - HHH10001501: Connection obtained from JdbcConnectionAccess [org.hibernate.engine.jdbc.env.internal.JdbcEnvironmentInitiator$ConnectionProviderJdbcConnectionAccess@4af2fe2b] for (non-JTA) DDL execution was not in auto-commit mode; the Connection 'local transaction' will be committed and the Connection will be set into auto-commit mode.
2026-07-05 11:13:09.463 [restartedMain] INFO  o.s.o.j.LocalContainerEntityManagerFactoryBean - Initialized JPA EntityManagerFactory for persistence unit 'default'
2026-07-05 11:13:10.815 [restartedMain] INFO  o.s.s.c.a.a.c.InitializeUserDetailsBeanManagerConfigurer$InitializeUserDetailsManagerConfigurer - Global AuthenticationManager configured with UserDetailsService bean with name authorizationServiceImpl
2026-07-05 11:13:12.216 [restartedMain] INFO  o.s.d.j.r.query.QueryEnhancerFactory - Hibernate is in classpath; If applicable, HQL parser will be used.
2026-07-05 11:13:14.771 [restartedMain] INFO  o.s.b.a.e.web.EndpointLinksResolver - Exposing 1 endpoint beneath base path '/api'
2026-07-05 11:13:15.761 [restartedMain] INFO  o.s.v.b.OptionalValidatorFactoryBean - Failed to set up a Bean Validation provider: jakarta.validation.NoProviderFoundException: Unable to create a Configuration, because no Jakarta Bean Validation provider could be found. Add a provider like Hibernate Validator (RI) to your classpath.
2026-07-05 11:13:16.688 [restartedMain] INFO  o.s.b.d.a.OptionalLiveReloadServer - LiveReload server is running on port 35729
2026-07-05 11:13:16.809 [restartedMain] INFO  o.a.coyote.http11.Http11NioProtocol - Starting ProtocolHandler ["http-nio-8080"]
2026-07-05 11:13:16.831 [restartedMain] INFO  o.s.b.w.e.tomcat.TomcatWebServer - Tomcat started on port 8080 (http) with context path '/'
2026-07-05 11:13:16.887 [restartedMain] INFO  c.s.desk.ServiceDeskApplication - Started ServiceDeskApplication in 37.158 seconds (process running for 39.939)
2026-07-05 11:15:58.248 [http-nio-8080-exec-1] INFO  o.a.c.c.C.[Tomcat].[localhost].[/] - Initializing Spring DispatcherServlet 'dispatcherServlet'
2026-07-05 11:15:58.254 [http-nio-8080-exec-1] INFO  o.s.web.servlet.DispatcherServlet - Initializing Servlet 'dispatcherServlet'
2026-07-05 11:15:58.263 [http-nio-8080-exec-1] INFO  o.s.web.servlet.DispatcherServlet - Completed initialization in 9 ms
2026-07-05 11:38:27.984 [SpringApplicationShutdownHook] INFO  o.s.b.w.e.tomcat.GracefulShutdown - Commencing graceful shutdown. Waiting for active requests to complete
2026-07-05 11:38:28.057 [tomcat-shutdown] INFO  o.s.b.w.e.tomcat.GracefulShutdown - Graceful shutdown complete
2026-07-05 11:38:28.132 [SpringApplicationShutdownHook] INFO  o.s.o.j.LocalContainerEntityManagerFactoryBean - Closing JPA EntityManagerFactory for persistence unit 'default'
2026-07-05 11:38:28.253 [SpringApplicationShutdownHook] INFO  com.zaxxer.hikari.HikariDataSource - PoolHikari - Shutdown initiated...
2026-07-05 11:38:28.265 [SpringApplicationShutdownHook] INFO  com.zaxxer.hikari.HikariDataSource - PoolHikari - Shutdown completed.
2026-07-05 11:38:40.518 [restartedMain] INFO  c.s.desk.ServiceDeskApplication - Starting ServiceDeskApplication using Java 17.0.12 with PID 17188 (C:\Users\Airton\Documents\workspace-spring-tool-suite-4-4.16.0.RELEASE\FluxoCaixa\target\classes started by Airton in C:\Users\Airton\Documents\workspace-spring-tool-suite-4-4.16.0.RELEASE\FluxoCaixa)
2026-07-05 11:38:40.527 [restartedMain] INFO  c.s.desk.ServiceDeskApplication - The following 1 profile is active: "dev"
2026-07-05 11:38:40.769 [restartedMain] INFO  o.s.b.d.e.DevToolsPropertyDefaultsPostProcessor - Devtools property defaults active! Set 'spring.devtools.add-properties' to 'false' to disable
2026-07-05 11:38:40.769 [restartedMain] INFO  o.s.b.d.e.DevToolsPropertyDefaultsPostProcessor - For additional web related logging consider setting the 'logging.level.web' property to 'DEBUG'
2026-07-05 11:38:45.003 [restartedMain] INFO  o.s.d.r.c.RepositoryConfigurationDelegate - Bootstrapping Spring Data JPA repositories in DEFAULT mode.
2026-07-05 11:38:45.263 [restartedMain] INFO  o.s.d.r.c.RepositoryConfigurationDelegate - Finished Spring Data repository scanning in 232 ms. Found 20 JPA repository interfaces.
2026-07-05 11:38:49.710 [restartedMain] INFO  o.s.b.w.e.tomcat.TomcatWebServer - Tomcat initialized with port 8080 (http)
2026-07-05 11:38:49.732 [restartedMain] INFO  o.a.coyote.http11.Http11NioProtocol - The ["http-nio-8080"] connector has been configured to support HTTP upgrade to [h2c]
2026-07-05 11:38:49.733 [restartedMain] INFO  o.a.coyote.http11.Http11NioProtocol - Initializing ProtocolHandler ["http-nio-8080"]
2026-07-05 11:38:49.737 [restartedMain] INFO  o.a.catalina.core.StandardService - Starting service [Tomcat]
2026-07-05 11:38:49.739 [restartedMain] INFO  o.a.catalina.core.StandardEngine - Starting Servlet engine: [Apache Tomcat/10.1.41]
2026-07-05 11:38:49.876 [restartedMain] INFO  o.a.c.c.C.[Tomcat].[localhost].[/] - Initializing Spring embedded WebApplicationContext
2026-07-05 11:38:49.877 [restartedMain] INFO  o.s.b.w.s.c.ServletWebServerApplicationContext - Root WebApplicationContext: initialization completed in 9107 ms
2026-07-05 11:38:50.873 [restartedMain] INFO  o.h.jpa.internal.util.LogHelper - HHH000204: Processing PersistenceUnitInfo [name: default]
2026-07-05 11:38:51.053 [restartedMain] INFO  org.hibernate.Version - HHH000412: Hibernate ORM core version 6.6.15.Final
2026-07-05 11:38:51.166 [restartedMain] INFO  o.h.c.i.RegionFactoryInitiator - HHH000026: Second-level cache disabled
2026-07-05 11:38:52.033 [restartedMain] INFO  o.s.o.j.p.SpringPersistenceUnitInfo - No LoadTimeWeaver setup: ignoring JPA class transformer
2026-07-05 11:38:52.061 [restartedMain] WARN  org.hibernate.orm.deprecation - HHH90000021: Encountered deprecated setting [hibernate.temp.use_jdbc_metadata_defaults], use [hibernate.boot.allow_jdbc_metadata_access] instead
2026-07-05 11:38:52.106 [restartedMain] INFO  com.zaxxer.hikari.HikariDataSource - PoolHikari - Starting...
2026-07-05 11:38:52.518 [restartedMain] INFO  com.zaxxer.hikari.pool.HikariPool - PoolHikari - Added connection org.postgresql.jdbc.PgConnection@69d1cd98
2026-07-05 11:38:52.521 [restartedMain] INFO  com.zaxxer.hikari.HikariDataSource - PoolHikari - Start completed.
2026-07-05 11:38:52.595 [restartedMain] WARN  org.hibernate.orm.deprecation - HHH90000025: PostgreSQLDialect does not need to be specified explicitly using 'hibernate.dialect' (remove the property setting and it will be selected by default)
2026-07-05 11:38:52.630 [restartedMain] INFO  o.hibernate.orm.connections.pooling - HHH10001005: Database info:
	Database JDBC URL [Connecting through datasource 'HikariDataSource (PoolHikari)']
	Database driver: undefined/unknown
	Database version: 17.6
	Autocommit mode: undefined/unknown
	Isolation level: undefined/unknown
	Minimum pool size: undefined/unknown
	Maximum pool size: undefined/unknown
2026-07-05 11:38:55.284 [restartedMain] INFO  o.h.e.t.j.p.i.JtaPlatformInitiator - HHH000489: No JTA platform available (set 'hibernate.transaction.jta.platform' to enable JTA platform integration)
2026-07-05 11:38:55.311 [restartedMain] INFO  o.hibernate.orm.connections.access - HHH10001501: Connection obtained from JdbcConnectionAccess [org.hibernate.engine.jdbc.env.internal.JdbcEnvironmentInitiator$ConnectionProviderJdbcConnectionAccess@21f438d6] for (non-JTA) DDL execution was not in auto-commit mode; the Connection 'local transaction' will be committed and the Connection will be set into auto-commit mode.
2026-07-05 11:38:56.452 [restartedMain] INFO  o.s.o.j.LocalContainerEntityManagerFactoryBean - Initialized JPA EntityManagerFactory for persistence unit 'default'
2026-07-05 11:38:57.939 [restartedMain] INFO  o.s.s.c.a.a.c.InitializeUserDetailsBeanManagerConfigurer$InitializeUserDetailsManagerConfigurer - Global AuthenticationManager configured with UserDetailsService bean with name authorizationServiceImpl
2026-07-05 11:38:59.980 [restartedMain] INFO  o.s.d.j.r.query.QueryEnhancerFactory - Hibernate is in classpath; If applicable, HQL parser will be used.
2026-07-05 11:39:02.909 [restartedMain] INFO  o.s.b.a.e.web.EndpointLinksResolver - Exposing 1 endpoint beneath base path '/api'
2026-07-05 11:39:05.915 [restartedMain] INFO  o.s.v.b.OptionalValidatorFactoryBean - Failed to set up a Bean Validation provider: jakarta.validation.NoProviderFoundException: Unable to create a Configuration, because no Jakarta Bean Validation provider could be found. Add a provider like Hibernate Validator (RI) to your classpath.
2026-07-05 11:39:07.306 [restartedMain] INFO  o.s.b.d.a.OptionalLiveReloadServer - LiveReload server is running on port 35729
2026-07-05 11:39:07.411 [restartedMain] INFO  o.a.coyote.http11.Http11NioProtocol - Starting ProtocolHandler ["http-nio-8080"]
2026-07-05 11:39:07.438 [restartedMain] INFO  o.s.b.w.e.tomcat.TomcatWebServer - Tomcat started on port 8080 (http) with context path '/'
2026-07-05 11:39:07.576 [restartedMain] INFO  c.s.desk.ServiceDeskApplication - Started ServiceDeskApplication in 28.664 seconds (process running for 29.98)
2026-07-05 11:39:53.928 [SpringApplicationShutdownHook] INFO  o.s.b.w.e.tomcat.GracefulShutdown - Commencing graceful shutdown. Waiting for active requests to complete
2026-07-05 11:39:53.958 [tomcat-shutdown] INFO  o.s.b.w.e.tomcat.GracefulShutdown - Graceful shutdown complete
2026-07-05 11:39:53.977 [SpringApplicationShutdownHook] INFO  o.s.o.j.LocalContainerEntityManagerFactoryBean - Closing JPA EntityManagerFactory for persistence unit 'default'
2026-07-05 11:39:53.988 [SpringApplicationShutdownHook] INFO  com.zaxxer.hikari.HikariDataSource - PoolHikari - Shutdown initiated...
2026-07-05 11:39:53.996 [SpringApplicationShutdownHook] INFO  com.zaxxer.hikari.HikariDataSource - PoolHikari - Shutdown completed.
2026-07-05 11:39:59.691 [restartedMain] INFO  c.s.desk.ServiceDeskApplication - Starting ServiceDeskApplication using Java 17.0.12 with PID 4724 (C:\Users\Airton\Documents\workspace-spring-tool-suite-4-4.16.0.RELEASE\FluxoCaixa\target\classes started by Airton in C:\Users\Airton\Documents\workspace-spring-tool-suite-4-4.16.0.RELEASE\FluxoCaixa)
2026-07-05 11:39:59.695 [restartedMain] INFO  c.s.desk.ServiceDeskApplication - The following 1 profile is active: "dev"
2026-07-05 11:39:59.971 [restartedMain] INFO  o.s.b.d.e.DevToolsPropertyDefaultsPostProcessor - Devtools property defaults active! Set 'spring.devtools.add-properties' to 'false' to disable
2026-07-05 11:39:59.973 [restartedMain] INFO  o.s.b.d.e.DevToolsPropertyDefaultsPostProcessor - For additional web related logging consider setting the 'logging.level.web' property to 'DEBUG'
2026-07-05 11:40:04.355 [restartedMain] INFO  o.s.d.r.c.RepositoryConfigurationDelegate - Bootstrapping Spring Data JPA repositories in DEFAULT mode.
2026-07-05 11:40:04.645 [restartedMain] INFO  o.s.d.r.c.RepositoryConfigurationDelegate - Finished Spring Data repository scanning in 253 ms. Found 20 JPA repository interfaces.
2026-07-05 11:40:08.677 [restartedMain] INFO  o.s.b.w.e.tomcat.TomcatWebServer - Tomcat initialized with port 8080 (http)
2026-07-05 11:40:08.699 [restartedMain] INFO  o.a.coyote.http11.Http11NioProtocol - The ["http-nio-8080"] connector has been configured to support HTTP upgrade to [h2c]
2026-07-05 11:40:08.700 [restartedMain] INFO  o.a.coyote.http11.Http11NioProtocol - Initializing ProtocolHandler ["http-nio-8080"]
2026-07-05 11:40:08.705 [restartedMain] INFO  o.a.catalina.core.StandardService - Starting service [Tomcat]
2026-07-05 11:40:08.706 [restartedMain] INFO  o.a.catalina.core.StandardEngine - Starting Servlet engine: [Apache Tomcat/10.1.41]
2026-07-05 11:40:09.068 [restartedMain] INFO  o.a.c.c.C.[Tomcat].[localhost].[/] - Initializing Spring embedded WebApplicationContext
2026-07-05 11:40:09.069 [restartedMain] INFO  o.s.b.w.s.c.ServletWebServerApplicationContext - Root WebApplicationContext: initialization completed in 9081 ms
2026-07-05 11:40:10.206 [restartedMain] INFO  o.h.jpa.internal.util.LogHelper - HHH000204: Processing PersistenceUnitInfo [name: default]
2026-07-05 11:40:10.525 [restartedMain] INFO  org.hibernate.Version - HHH000412: Hibernate ORM core version 6.6.15.Final
2026-07-05 11:40:10.694 [restartedMain] INFO  o.h.c.i.RegionFactoryInitiator - HHH000026: Second-level cache disabled
2026-07-05 11:40:11.578 [restartedMain] INFO  o.s.o.j.p.SpringPersistenceUnitInfo - No LoadTimeWeaver setup: ignoring JPA class transformer
2026-07-05 11:40:11.613 [restartedMain] WARN  org.hibernate.orm.deprecation - HHH90000021: Encountered deprecated setting [hibernate.temp.use_jdbc_metadata_defaults], use [hibernate.boot.allow_jdbc_metadata_access] instead
2026-07-05 11:40:11.662 [restartedMain] INFO  com.zaxxer.hikari.HikariDataSource - PoolHikari - Starting...
2026-07-05 11:40:12.080 [restartedMain] INFO  com.zaxxer.hikari.pool.HikariPool - PoolHikari - Added connection org.postgresql.jdbc.PgConnection@2b7afaf
2026-07-05 11:40:12.085 [restartedMain] INFO  com.zaxxer.hikari.HikariDataSource - PoolHikari - Start completed.
2026-07-05 11:40:12.183 [restartedMain] WARN  org.hibernate.orm.deprecation - HHH90000025: PostgreSQLDialect does not need to be specified explicitly using 'hibernate.dialect' (remove the property setting and it will be selected by default)
2026-07-05 11:40:12.251 [restartedMain] INFO  o.hibernate.orm.connections.pooling - HHH10001005: Database info:
	Database JDBC URL [Connecting through datasource 'HikariDataSource (PoolHikari)']
	Database driver: undefined/unknown
	Database version: 17.6
	Autocommit mode: undefined/unknown
	Isolation level: undefined/unknown
	Minimum pool size: undefined/unknown
	Maximum pool size: undefined/unknown
2026-07-05 11:40:15.495 [restartedMain] INFO  o.h.e.t.j.p.i.JtaPlatformInitiator - HHH000489: No JTA platform available (set 'hibernate.transaction.jta.platform' to enable JTA platform integration)
2026-07-05 11:40:15.521 [restartedMain] INFO  o.hibernate.orm.connections.access - HHH10001501: Connection obtained from JdbcConnectionAccess [org.hibernate.engine.jdbc.env.internal.JdbcEnvironmentInitiator$ConnectionProviderJdbcConnectionAccess@24033fe0] for (non-JTA) DDL execution was not in auto-commit mode; the Connection 'local transaction' will be committed and the Connection will be set into auto-commit mode.
2026-07-05 11:40:16.531 [restartedMain] INFO  o.s.o.j.LocalContainerEntityManagerFactoryBean - Initialized JPA EntityManagerFactory for persistence unit 'default'
2026-07-05 11:40:17.980 [restartedMain] INFO  o.s.s.c.a.a.c.InitializeUserDetailsBeanManagerConfigurer$InitializeUserDetailsManagerConfigurer - Global AuthenticationManager configured with UserDetailsService bean with name authorizationServiceImpl
2026-07-05 11:40:19.310 [restartedMain] INFO  o.s.d.j.r.query.QueryEnhancerFactory - Hibernate is in classpath; If applicable, HQL parser will be used.
2026-07-05 11:40:21.531 [restartedMain] INFO  o.s.b.a.e.web.EndpointLinksResolver - Exposing 1 endpoint beneath base path '/api'
2026-07-05 11:40:22.520 [restartedMain] INFO  o.s.v.b.OptionalValidatorFactoryBean - Failed to set up a Bean Validation provider: jakarta.validation.NoProviderFoundException: Unable to create a Configuration, because no Jakarta Bean Validation provider could be found. Add a provider like Hibernate Validator (RI) to your classpath.
2026-07-05 11:40:23.458 [restartedMain] INFO  o.s.b.d.a.OptionalLiveReloadServer - LiveReload server is running on port 35729
2026-07-05 11:40:23.577 [restartedMain] INFO  o.a.coyote.http11.Http11NioProtocol - Starting ProtocolHandler ["http-nio-8080"]
2026-07-05 11:40:23.609 [restartedMain] INFO  o.s.b.w.e.tomcat.TomcatWebServer - Tomcat started on port 8080 (http) with context path '/'
2026-07-05 11:40:23.727 [restartedMain] INFO  c.s.desk.ServiceDeskApplication - Started ServiceDeskApplication in 25.49 seconds (process running for 26.68)
2026-07-05 11:42:29.343 [SpringApplicationShutdownHook] INFO  o.s.b.w.e.tomcat.GracefulShutdown - Commencing graceful shutdown. Waiting for active requests to complete
2026-07-05 11:42:29.365 [tomcat-shutdown] INFO  o.s.b.w.e.tomcat.GracefulShutdown - Graceful shutdown complete
2026-07-05 11:42:29.376 [SpringApplicationShutdownHook] INFO  o.s.o.j.LocalContainerEntityManagerFactoryBean - Closing JPA EntityManagerFactory for persistence unit 'default'
2026-07-05 11:42:29.380 [SpringApplicationShutdownHook] INFO  com.zaxxer.hikari.HikariDataSource - PoolHikari - Shutdown initiated...
2026-07-05 11:42:29.392 [SpringApplicationShutdownHook] INFO  com.zaxxer.hikari.HikariDataSource - PoolHikari - Shutdown completed.
2026-07-05 11:42:39.667 [restartedMain] INFO  c.s.desk.ServiceDeskApplication - Starting ServiceDeskApplication using Java 17.0.12 with PID 22344 (C:\Users\Airton\Documents\workspace-spring-tool-suite-4-4.16.0.RELEASE\FluxoCaixa\target\classes started by Airton in C:\Users\Airton\Documents\workspace-spring-tool-suite-4-4.16.0.RELEASE\FluxoCaixa)
2026-07-05 11:42:39.671 [restartedMain] INFO  c.s.desk.ServiceDeskApplication - The following 1 profile is active: "dev"
2026-07-05 11:42:39.830 [restartedMain] INFO  o.s.b.d.e.DevToolsPropertyDefaultsPostProcessor - Devtools property defaults active! Set 'spring.devtools.add-properties' to 'false' to disable
2026-07-05 11:42:39.830 [restartedMain] INFO  o.s.b.d.e.DevToolsPropertyDefaultsPostProcessor - For additional web related logging consider setting the 'logging.level.web' property to 'DEBUG'
2026-07-05 11:42:42.515 [restartedMain] INFO  o.s.d.r.c.RepositoryConfigurationDelegate - Bootstrapping Spring Data JPA repositories in DEFAULT mode.
2026-07-05 11:42:42.912 [restartedMain] INFO  o.s.d.r.c.RepositoryConfigurationDelegate - Finished Spring Data repository scanning in 365 ms. Found 20 JPA repository interfaces.
2026-07-05 11:42:47.248 [restartedMain] INFO  o.s.b.w.e.tomcat.TomcatWebServer - Tomcat initialized with port 8080 (http)
2026-07-05 11:42:47.268 [restartedMain] INFO  o.a.coyote.http11.Http11NioProtocol - The ["http-nio-8080"] connector has been configured to support HTTP upgrade to [h2c]
2026-07-05 11:42:47.268 [restartedMain] INFO  o.a.coyote.http11.Http11NioProtocol - Initializing ProtocolHandler ["http-nio-8080"]
2026-07-05 11:42:47.299 [restartedMain] INFO  o.a.catalina.core.StandardService - Starting service [Tomcat]
2026-07-05 11:42:47.306 [restartedMain] INFO  o.a.catalina.core.StandardEngine - Starting Servlet engine: [Apache Tomcat/10.1.41]
2026-07-05 11:42:47.662 [restartedMain] INFO  o.a.c.c.C.[Tomcat].[localhost].[/] - Initializing Spring embedded WebApplicationContext
2026-07-05 11:42:47.662 [restartedMain] INFO  o.s.b.w.s.c.ServletWebServerApplicationContext - Root WebApplicationContext: initialization completed in 7831 ms
2026-07-05 11:42:49.218 [restartedMain] INFO  o.h.jpa.internal.util.LogHelper - HHH000204: Processing PersistenceUnitInfo [name: default]
2026-07-05 11:42:49.562 [restartedMain] INFO  org.hibernate.Version - HHH000412: Hibernate ORM core version 6.6.15.Final
2026-07-05 11:42:49.681 [restartedMain] INFO  o.h.c.i.RegionFactoryInitiator - HHH000026: Second-level cache disabled
2026-07-05 11:42:50.383 [restartedMain] INFO  o.s.o.j.p.SpringPersistenceUnitInfo - No LoadTimeWeaver setup: ignoring JPA class transformer
2026-07-05 11:42:50.415 [restartedMain] WARN  org.hibernate.orm.deprecation - HHH90000021: Encountered deprecated setting [hibernate.temp.use_jdbc_metadata_defaults], use [hibernate.boot.allow_jdbc_metadata_access] instead
2026-07-05 11:42:50.607 [restartedMain] INFO  com.zaxxer.hikari.HikariDataSource - PoolHikari - Starting...
2026-07-05 11:42:51.033 [restartedMain] INFO  com.zaxxer.hikari.pool.HikariPool - PoolHikari - Added connection org.postgresql.jdbc.PgConnection@319671a8
2026-07-05 11:42:51.037 [restartedMain] INFO  com.zaxxer.hikari.HikariDataSource - PoolHikari - Start completed.
2026-07-05 11:42:51.124 [restartedMain] WARN  org.hibernate.orm.deprecation - HHH90000025: PostgreSQLDialect does not need to be specified explicitly using 'hibernate.dialect' (remove the property setting and it will be selected by default)
2026-07-05 11:42:51.173 [restartedMain] INFO  o.hibernate.orm.connections.pooling - HHH10001005: Database info:
	Database JDBC URL [Connecting through datasource 'HikariDataSource (PoolHikari)']
	Database driver: undefined/unknown
	Database version: 17.6
	Autocommit mode: undefined/unknown
	Isolation level: undefined/unknown
	Minimum pool size: undefined/unknown
	Maximum pool size: undefined/unknown
2026-07-05 11:42:54.014 [restartedMain] INFO  o.h.e.t.j.p.i.JtaPlatformInitiator - HHH000489: No JTA platform available (set 'hibernate.transaction.jta.platform' to enable JTA platform integration)
2026-07-05 11:42:54.043 [restartedMain] INFO  o.hibernate.orm.connections.access - HHH10001501: Connection obtained from JdbcConnectionAccess [org.hibernate.engine.jdbc.env.internal.JdbcEnvironmentInitiator$ConnectionProviderJdbcConnectionAccess@7a998ca6] for (non-JTA) DDL execution was not in auto-commit mode; the Connection 'local transaction' will be committed and the Connection will be set into auto-commit mode.
2026-07-05 11:42:55.040 [restartedMain] INFO  o.s.o.j.LocalContainerEntityManagerFactoryBean - Initialized JPA EntityManagerFactory for persistence unit 'default'
2026-07-05 11:42:56.204 [restartedMain] INFO  o.s.s.c.a.a.c.InitializeUserDetailsBeanManagerConfigurer$InitializeUserDetailsManagerConfigurer - Global AuthenticationManager configured with UserDetailsService bean with name authorizationServiceImpl
2026-07-05 11:42:57.582 [restartedMain] INFO  o.s.d.j.r.query.QueryEnhancerFactory - Hibernate is in classpath; If applicable, HQL parser will be used.
2026-07-05 11:43:00.599 [restartedMain] INFO  o.s.b.a.e.web.EndpointLinksResolver - Exposing 1 endpoint beneath base path '/api'
2026-07-05 11:43:01.394 [restartedMain] INFO  o.s.v.b.OptionalValidatorFactoryBean - Failed to set up a Bean Validation provider: jakarta.validation.NoProviderFoundException: Unable to create a Configuration, because no Jakarta Bean Validation provider could be found. Add a provider like Hibernate Validator (RI) to your classpath.
2026-07-05 11:43:02.059 [restartedMain] INFO  o.s.b.d.a.OptionalLiveReloadServer - LiveReload server is running on port 35729
2026-07-05 11:43:02.216 [restartedMain] INFO  o.a.coyote.http11.Http11NioProtocol - Starting ProtocolHandler ["http-nio-8080"]
2026-07-05 11:43:02.239 [restartedMain] INFO  o.s.b.w.e.tomcat.TomcatWebServer - Tomcat started on port 8080 (http) with context path '/'
2026-07-05 11:43:02.298 [restartedMain] INFO  c.s.desk.ServiceDeskApplication - Started ServiceDeskApplication in 23.964 seconds (process running for 25.687)
2026-07-05 11:43:10.017 [SpringApplicationShutdownHook] INFO  o.s.b.w.e.tomcat.GracefulShutdown - Commencing graceful shutdown. Waiting for active requests to complete
2026-07-05 11:43:10.056 [tomcat-shutdown] INFO  o.s.b.w.e.tomcat.GracefulShutdown - Graceful shutdown complete
2026-07-05 11:43:10.076 [SpringApplicationShutdownHook] INFO  o.s.o.j.LocalContainerEntityManagerFactoryBean - Closing JPA EntityManagerFactory for persistence unit 'default'
2026-07-05 11:43:10.086 [SpringApplicationShutdownHook] INFO  com.zaxxer.hikari.HikariDataSource - PoolHikari - Shutdown initiated...
2026-07-05 11:43:10.112 [SpringApplicationShutdownHook] INFO  com.zaxxer.hikari.HikariDataSource - PoolHikari - Shutdown completed.
2026-07-05 11:43:14.849 [restartedMain] INFO  c.s.desk.ServiceDeskApplication - Starting ServiceDeskApplication using Java 17.0.12 with PID 14168 (C:\Users\Airton\Documents\workspace-spring-tool-suite-4-4.16.0.RELEASE\FluxoCaixa\target\classes started by Airton in C:\Users\Airton\Documents\workspace-spring-tool-suite-4-4.16.0.RELEASE\FluxoCaixa)
2026-07-05 11:43:14.856 [restartedMain] INFO  c.s.desk.ServiceDeskApplication - The following 1 profile is active: "dev"
2026-07-05 11:43:15.050 [restartedMain] INFO  o.s.b.d.e.DevToolsPropertyDefaultsPostProcessor - Devtools property defaults active! Set 'spring.devtools.add-properties' to 'false' to disable
2026-07-05 11:43:15.051 [restartedMain] INFO  o.s.b.d.e.DevToolsPropertyDefaultsPostProcessor - For additional web related logging consider setting the 'logging.level.web' property to 'DEBUG'
2026-07-05 11:43:17.833 [restartedMain] INFO  o.s.d.r.c.RepositoryConfigurationDelegate - Bootstrapping Spring Data JPA repositories in DEFAULT mode.
2026-07-05 11:43:18.056 [restartedMain] INFO  o.s.d.r.c.RepositoryConfigurationDelegate - Finished Spring Data repository scanning in 200 ms. Found 20 JPA repository interfaces.
2026-07-05 11:43:21.743 [restartedMain] INFO  o.s.b.w.e.tomcat.TomcatWebServer - Tomcat initialized with port 8080 (http)
2026-07-05 11:43:21.764 [restartedMain] INFO  o.a.coyote.http11.Http11NioProtocol - The ["http-nio-8080"] connector has been configured to support HTTP upgrade to [h2c]
2026-07-05 11:43:21.764 [restartedMain] INFO  o.a.coyote.http11.Http11NioProtocol - Initializing ProtocolHandler ["http-nio-8080"]
2026-07-05 11:43:21.769 [restartedMain] INFO  o.a.catalina.core.StandardService - Starting service [Tomcat]
2026-07-05 11:43:21.770 [restartedMain] INFO  o.a.catalina.core.StandardEngine - Starting Servlet engine: [Apache Tomcat/10.1.41]
2026-07-05 11:43:21.910 [restartedMain] INFO  o.a.c.c.C.[Tomcat].[localhost].[/] - Initializing Spring embedded WebApplicationContext
2026-07-05 11:43:21.910 [restartedMain] INFO  o.s.b.w.s.c.ServletWebServerApplicationContext - Root WebApplicationContext: initialization completed in 6857 ms
2026-07-05 11:43:22.461 [restartedMain] INFO  o.h.jpa.internal.util.LogHelper - HHH000204: Processing PersistenceUnitInfo [name: default]
2026-07-05 11:43:22.611 [restartedMain] INFO  org.hibernate.Version - HHH000412: Hibernate ORM core version 6.6.15.Final
2026-07-05 11:43:22.711 [restartedMain] INFO  o.h.c.i.RegionFactoryInitiator - HHH000026: Second-level cache disabled
2026-07-05 11:43:23.360 [restartedMain] INFO  o.s.o.j.p.SpringPersistenceUnitInfo - No LoadTimeWeaver setup: ignoring JPA class transformer
2026-07-05 11:43:23.396 [restartedMain] WARN  org.hibernate.orm.deprecation - HHH90000021: Encountered deprecated setting [hibernate.temp.use_jdbc_metadata_defaults], use [hibernate.boot.allow_jdbc_metadata_access] instead
2026-07-05 11:43:23.435 [restartedMain] INFO  com.zaxxer.hikari.HikariDataSource - PoolHikari - Starting...
2026-07-05 11:43:23.804 [restartedMain] INFO  com.zaxxer.hikari.pool.HikariPool - PoolHikari - Added connection org.postgresql.jdbc.PgConnection@43df4400
2026-07-05 11:43:23.808 [restartedMain] INFO  com.zaxxer.hikari.HikariDataSource - PoolHikari - Start completed.
2026-07-05 11:43:23.876 [restartedMain] WARN  org.hibernate.orm.deprecation - HHH90000025: PostgreSQLDialect does not need to be specified explicitly using 'hibernate.dialect' (remove the property setting and it will be selected by default)
2026-07-05 11:43:23.912 [restartedMain] INFO  o.hibernate.orm.connections.pooling - HHH10001005: Database info:
	Database JDBC URL [Connecting through datasource 'HikariDataSource (PoolHikari)']
	Database driver: undefined/unknown
	Database version: 17.6
	Autocommit mode: undefined/unknown
	Isolation level: undefined/unknown
	Minimum pool size: undefined/unknown
	Maximum pool size: undefined/unknown
2026-07-05 11:43:26.559 [restartedMain] INFO  o.h.e.t.j.p.i.JtaPlatformInitiator - HHH000489: No JTA platform available (set 'hibernate.transaction.jta.platform' to enable JTA platform integration)
2026-07-05 11:43:26.580 [restartedMain] INFO  o.hibernate.orm.connections.access - HHH10001501: Connection obtained from JdbcConnectionAccess [org.hibernate.engine.jdbc.env.internal.JdbcEnvironmentInitiator$ConnectionProviderJdbcConnectionAccess@5784a291] for (non-JTA) DDL execution was not in auto-commit mode; the Connection 'local transaction' will be committed and the Connection will be set into auto-commit mode.
2026-07-05 11:43:27.465 [restartedMain] INFO  o.s.o.j.LocalContainerEntityManagerFactoryBean - Initialized JPA EntityManagerFactory for persistence unit 'default'
2026-07-05 11:43:28.283 [restartedMain] INFO  o.s.s.c.a.a.c.InitializeUserDetailsBeanManagerConfigurer$InitializeUserDetailsManagerConfigurer - Global AuthenticationManager configured with UserDetailsService bean with name authorizationServiceImpl
2026-07-05 11:43:29.056 [restartedMain] INFO  o.s.d.j.r.query.QueryEnhancerFactory - Hibernate is in classpath; If applicable, HQL parser will be used.
2026-07-05 11:43:31.080 [restartedMain] INFO  o.s.b.a.e.web.EndpointLinksResolver - Exposing 1 endpoint beneath base path '/api'
2026-07-05 11:43:31.758 [restartedMain] INFO  o.s.v.b.OptionalValidatorFactoryBean - Failed to set up a Bean Validation provider: jakarta.validation.NoProviderFoundException: Unable to create a Configuration, because no Jakarta Bean Validation provider could be found. Add a provider like Hibernate Validator (RI) to your classpath.
2026-07-05 11:43:32.297 [restartedMain] INFO  o.s.b.d.a.OptionalLiveReloadServer - LiveReload server is running on port 35729
2026-07-05 11:43:32.412 [restartedMain] INFO  o.a.coyote.http11.Http11NioProtocol - Starting ProtocolHandler ["http-nio-8080"]
2026-07-05 11:43:32.439 [restartedMain] INFO  o.s.b.w.e.tomcat.TomcatWebServer - Tomcat started on port 8080 (http) with context path '/'
2026-07-05 11:43:32.480 [restartedMain] INFO  c.s.desk.ServiceDeskApplication - Started ServiceDeskApplication in 19.065 seconds (process running for 20.175)
2026-07-05 11:45:00.030 [scheduling-1] INFO  c.s.d.scheduler.BrapiSyncScheduler - Starting BRAPI scheduled sync for 1 tickers
2026-07-05 11:45:01.152 [scheduling-1] ERROR c.s.d.s.i.BrapiIntegrationServiceImpl - Erro ao sincronizar ativos BRAPI para symbols=PETR4. Mensagem: Cannot invoke "java.util.List.iterator()" because the return value of "com.service.desk.dto.brapi.BrapiTickersResponseDTO.getStocks()" is null
java.lang.NullPointerException: Cannot invoke "java.util.List.iterator()" because the return value of "com.service.desk.dto.brapi.BrapiTickersResponseDTO.getStocks()" is null
	at com.service.desk.service.impl.BrapiIntegrationServiceImpl.sincronizarAtivosInternal(BrapiIntegrationServiceImpl.java:121)
	at com.service.desk.service.impl.BrapiIntegrationServiceImpl.sincronizarAtivos(BrapiIntegrationServiceImpl.java:51)
	at java.base/jdk.internal.reflect.NativeMethodAccessorImpl.invoke0(Native Method)
	at java.base/jdk.internal.reflect.NativeMethodAccessorImpl.invoke(NativeMethodAccessorImpl.java:77)
	at java.base/jdk.internal.reflect.DelegatingMethodAccessorImpl.invoke(DelegatingMethodAccessorImpl.java:43)
	at java.base/java.lang.reflect.Method.invoke(Method.java:568)
	at org.springframework.aop.support.AopUtils.invokeJoinpointUsingReflection(AopUtils.java:359)
	at org.springframework.aop.framework.ReflectiveMethodInvocation.invokeJoinpoint(ReflectiveMethodInvocation.java:196)
	at org.springframework.aop.framework.ReflectiveMethodInvocation.proceed(ReflectiveMethodInvocation.java:163)
	at org.springframework.transaction.interceptor.TransactionAspectSupport.invokeWithinTransaction(TransactionAspectSupport.java:380)
	at org.springframework.transaction.interceptor.TransactionInterceptor.invoke(TransactionInterceptor.java:119)
	at org.springframework.aop.framework.ReflectiveMethodInvocation.proceed(ReflectiveMethodInvocation.java:184)
	at org.springframework.aop.framework.CglibAopProxy$DynamicAdvisedInterceptor.intercept(CglibAopProxy.java:728)
	at com.service.desk.service.impl.BrapiIntegrationServiceImpl$$SpringCGLIB$$0.sincronizarAtivos(<generated>)
	at com.service.desk.scheduler.BrapiSyncScheduler.runScheduledSync(BrapiSyncScheduler.java:47)
	at java.base/jdk.internal.reflect.NativeMethodAccessorImpl.invoke0(Native Method)
	at java.base/jdk.internal.reflect.NativeMethodAccessorImpl.invoke(NativeMethodAccessorImpl.java:77)
	at java.base/jdk.internal.reflect.DelegatingMethodAccessorImpl.invoke(DelegatingMethodAccessorImpl.java:43)
	at java.base/java.lang.reflect.Method.invoke(Method.java:568)
	at org.springframework.scheduling.support.ScheduledMethodRunnable.runInternal(ScheduledMethodRunnable.java:130)
	at org.springframework.scheduling.support.ScheduledMethodRunnable.lambda$run$2(ScheduledMethodRunnable.java:124)
	at io.micrometer.observation.Observation.observe(Observation.java:498)
	at org.springframework.scheduling.support.ScheduledMethodRunnable.run(ScheduledMethodRunnable.java:124)
	at org.springframework.scheduling.config.Task$OutcomeTrackingRunnable.run(Task.java:85)
	at org.springframework.scheduling.support.DelegatingErrorHandlingRunnable.run(DelegatingErrorHandlingRunnable.java:54)
	at org.springframework.scheduling.concurrent.ReschedulingRunnable.run(ReschedulingRunnable.java:96)
	at java.base/java.util.concurrent.Executors$RunnableAdapter.call(Executors.java:539)
	at java.base/java.util.concurrent.FutureTask.run(FutureTask.java:264)
	at java.base/java.util.concurrent.ScheduledThreadPoolExecutor$ScheduledFutureTask.run(ScheduledThreadPoolExecutor.java:304)
	at java.base/java.util.concurrent.ThreadPoolExecutor.runWorker(ThreadPoolExecutor.java:1136)
	at java.base/java.util.concurrent.ThreadPoolExecutor$Worker.run(ThreadPoolExecutor.java:635)
	at java.base/java.lang.Thread.run(Thread.java:842)
2026-07-05 11:45:01.160 [scheduling-1] INFO  c.s.d.scheduler.BrapiSyncScheduler - BRAPI scheduled sync finished successfully
2026-07-05 11:57:21.830 [SpringApplicationShutdownHook] INFO  o.s.b.w.e.tomcat.GracefulShutdown - Commencing graceful shutdown. Waiting for active requests to complete
2026-07-05 11:57:21.865 [tomcat-shutdown] INFO  o.s.b.w.e.tomcat.GracefulShutdown - Graceful shutdown complete
2026-07-05 11:57:21.893 [SpringApplicationShutdownHook] INFO  o.s.o.j.LocalContainerEntityManagerFactoryBean - Closing JPA EntityManagerFactory for persistence unit 'default'
2026-07-05 11:57:21.921 [SpringApplicationShutdownHook] INFO  com.zaxxer.hikari.HikariDataSource - PoolHikari - Shutdown initiated...
2026-07-05 11:57:21.929 [SpringApplicationShutdownHook] INFO  com.zaxxer.hikari.HikariDataSource - PoolHikari - Shutdown completed.
2026-07-05 11:58:41.777 [restartedMain] INFO  c.s.desk.ServiceDeskApplication - Starting ServiceDeskApplication using Java 17.0.12 with PID 20428 (C:\Users\Airton\Documents\workspace-spring-tool-suite-4-4.16.0.RELEASE\FluxoCaixa\target\classes started by Airton in C:\Users\Airton\Documents\workspace-spring-tool-suite-4-4.16.0.RELEASE\FluxoCaixa)
2026-07-05 11:58:41.780 [restartedMain] INFO  c.s.desk.ServiceDeskApplication - The following 1 profile is active: "dev"
2026-07-05 11:58:41.922 [restartedMain] INFO  o.s.b.d.e.DevToolsPropertyDefaultsPostProcessor - Devtools property defaults active! Set 'spring.devtools.add-properties' to 'false' to disable
2026-07-05 11:58:41.923 [restartedMain] INFO  o.s.b.d.e.DevToolsPropertyDefaultsPostProcessor - For additional web related logging consider setting the 'logging.level.web' property to 'DEBUG'
2026-07-05 11:58:45.330 [restartedMain] INFO  o.s.d.r.c.RepositoryConfigurationDelegate - Bootstrapping Spring Data JPA repositories in DEFAULT mode.
2026-07-05 11:58:45.529 [restartedMain] INFO  o.s.d.r.c.RepositoryConfigurationDelegate - Finished Spring Data repository scanning in 179 ms. Found 20 JPA repository interfaces.
2026-07-05 11:58:48.814 [restartedMain] INFO  o.s.b.w.e.tomcat.TomcatWebServer - Tomcat initialized with port 8080 (http)
2026-07-05 11:58:48.841 [restartedMain] INFO  o.a.coyote.http11.Http11NioProtocol - The ["http-nio-8080"] connector has been configured to support HTTP upgrade to [h2c]
2026-07-05 11:58:48.842 [restartedMain] INFO  o.a.coyote.http11.Http11NioProtocol - Initializing ProtocolHandler ["http-nio-8080"]
2026-07-05 11:58:48.846 [restartedMain] INFO  o.a.catalina.core.StandardService - Starting service [Tomcat]
2026-07-05 11:58:48.846 [restartedMain] INFO  o.a.catalina.core.StandardEngine - Starting Servlet engine: [Apache Tomcat/10.1.41]
2026-07-05 11:58:48.973 [restartedMain] INFO  o.a.c.c.C.[Tomcat].[localhost].[/] - Initializing Spring embedded WebApplicationContext
2026-07-05 11:58:48.974 [restartedMain] INFO  o.s.b.w.s.c.ServletWebServerApplicationContext - Root WebApplicationContext: initialization completed in 7051 ms
2026-07-05 11:58:49.549 [restartedMain] INFO  o.h.jpa.internal.util.LogHelper - HHH000204: Processing PersistenceUnitInfo [name: default]
2026-07-05 11:58:50.019 [restartedMain] INFO  org.hibernate.Version - HHH000412: Hibernate ORM core version 6.6.15.Final
2026-07-05 11:58:50.204 [restartedMain] INFO  o.h.c.i.RegionFactoryInitiator - HHH000026: Second-level cache disabled
2026-07-05 11:58:51.177 [restartedMain] INFO  o.s.o.j.p.SpringPersistenceUnitInfo - No LoadTimeWeaver setup: ignoring JPA class transformer
2026-07-05 11:58:51.205 [restartedMain] WARN  org.hibernate.orm.deprecation - HHH90000021: Encountered deprecated setting [hibernate.temp.use_jdbc_metadata_defaults], use [hibernate.boot.allow_jdbc_metadata_access] instead
2026-07-05 11:58:51.249 [restartedMain] INFO  com.zaxxer.hikari.HikariDataSource - PoolHikari - Starting...
2026-07-05 11:58:51.629 [restartedMain] INFO  com.zaxxer.hikari.pool.HikariPool - PoolHikari - Added connection org.postgresql.jdbc.PgConnection@79b0d34b
2026-07-05 11:58:51.631 [restartedMain] INFO  com.zaxxer.hikari.HikariDataSource - PoolHikari - Start completed.
2026-07-05 11:58:51.830 [restartedMain] WARN  org.hibernate.orm.deprecation - HHH90000025: PostgreSQLDialect does not need to be specified explicitly using 'hibernate.dialect' (remove the property setting and it will be selected by default)
2026-07-05 11:58:51.898 [restartedMain] INFO  o.hibernate.orm.connections.pooling - HHH10001005: Database info:
	Database JDBC URL [Connecting through datasource 'HikariDataSource (PoolHikari)']
	Database driver: undefined/unknown
	Database version: 17.6
	Autocommit mode: undefined/unknown
	Isolation level: undefined/unknown
	Minimum pool size: undefined/unknown
	Maximum pool size: undefined/unknown
2026-07-05 11:58:55.160 [restartedMain] INFO  o.h.e.t.j.p.i.JtaPlatformInitiator - HHH000489: No JTA platform available (set 'hibernate.transaction.jta.platform' to enable JTA platform integration)
2026-07-05 11:58:55.204 [restartedMain] INFO  o.hibernate.orm.connections.access - HHH10001501: Connection obtained from JdbcConnectionAccess [org.hibernate.engine.jdbc.env.internal.JdbcEnvironmentInitiator$ConnectionProviderJdbcConnectionAccess@28798165] for (non-JTA) DDL execution was not in auto-commit mode; the Connection 'local transaction' will be committed and the Connection will be set into auto-commit mode.
2026-07-05 11:58:56.157 [restartedMain] INFO  o.s.o.j.LocalContainerEntityManagerFactoryBean - Initialized JPA EntityManagerFactory for persistence unit 'default'
2026-07-05 11:58:57.064 [restartedMain] INFO  o.s.s.c.a.a.c.InitializeUserDetailsBeanManagerConfigurer$InitializeUserDetailsManagerConfigurer - Global AuthenticationManager configured with UserDetailsService bean with name authorizationServiceImpl
2026-07-05 11:59:01.845 [restartedMain] INFO  o.s.d.j.r.query.QueryEnhancerFactory - Hibernate is in classpath; If applicable, HQL parser will be used.
2026-07-05 11:59:03.752 [restartedMain] INFO  o.s.b.a.e.web.EndpointLinksResolver - Exposing 1 endpoint beneath base path '/api'
2026-07-05 11:59:05.248 [restartedMain] INFO  o.s.v.b.OptionalValidatorFactoryBean - Failed to set up a Bean Validation provider: jakarta.validation.NoProviderFoundException: Unable to create a Configuration, because no Jakarta Bean Validation provider could be found. Add a provider like Hibernate Validator (RI) to your classpath.
2026-07-05 11:59:05.861 [restartedMain] INFO  o.s.b.d.a.OptionalLiveReloadServer - LiveReload server is running on port 35729
2026-07-05 11:59:05.959 [restartedMain] INFO  o.a.coyote.http11.Http11NioProtocol - Starting ProtocolHandler ["http-nio-8080"]
2026-07-05 11:59:05.979 [restartedMain] INFO  o.s.b.w.e.tomcat.TomcatWebServer - Tomcat started on port 8080 (http) with context path '/'
2026-07-05 11:59:06.013 [restartedMain] INFO  c.s.desk.ServiceDeskApplication - Started ServiceDeskApplication in 25.47 seconds (process running for 26.424)
2026-07-05 12:00:07.967 [SpringApplicationShutdownHook] INFO  o.s.b.w.e.tomcat.GracefulShutdown - Commencing graceful shutdown. Waiting for active requests to complete
2026-07-05 12:00:07.995 [tomcat-shutdown] INFO  o.s.b.w.e.tomcat.GracefulShutdown - Graceful shutdown complete
2026-07-05 12:00:08.009 [SpringApplicationShutdownHook] INFO  o.s.o.j.LocalContainerEntityManagerFactoryBean - Closing JPA EntityManagerFactory for persistence unit 'default'
2026-07-05 12:00:08.015 [SpringApplicationShutdownHook] INFO  com.zaxxer.hikari.HikariDataSource - PoolHikari - Shutdown initiated...
2026-07-05 12:00:08.026 [SpringApplicationShutdownHook] INFO  com.zaxxer.hikari.HikariDataSource - PoolHikari - Shutdown completed.
2026-07-05 12:00:12.436 [restartedMain] INFO  c.s.desk.ServiceDeskApplication - Starting ServiceDeskApplication using Java 17.0.12 with PID 15656 (C:\Users\Airton\Documents\workspace-spring-tool-suite-4-4.16.0.RELEASE\FluxoCaixa\target\classes started by Airton in C:\Users\Airton\Documents\workspace-spring-tool-suite-4-4.16.0.RELEASE\FluxoCaixa)
2026-07-05 12:00:12.442 [restartedMain] INFO  c.s.desk.ServiceDeskApplication - The following 1 profile is active: "dev"
2026-07-05 12:00:12.568 [restartedMain] INFO  o.s.b.d.e.DevToolsPropertyDefaultsPostProcessor - Devtools property defaults active! Set 'spring.devtools.add-properties' to 'false' to disable
2026-07-05 12:00:12.568 [restartedMain] INFO  o.s.b.d.e.DevToolsPropertyDefaultsPostProcessor - For additional web related logging consider setting the 'logging.level.web' property to 'DEBUG'
2026-07-05 12:00:15.534 [restartedMain] INFO  o.s.d.r.c.RepositoryConfigurationDelegate - Bootstrapping Spring Data JPA repositories in DEFAULT mode.
2026-07-05 12:00:15.727 [restartedMain] INFO  o.s.d.r.c.RepositoryConfigurationDelegate - Finished Spring Data repository scanning in 175 ms. Found 20 JPA repository interfaces.
2026-07-05 12:00:18.324 [restartedMain] INFO  o.s.b.w.e.tomcat.TomcatWebServer - Tomcat initialized with port 8080 (http)
2026-07-05 12:00:18.345 [restartedMain] INFO  o.a.coyote.http11.Http11NioProtocol - The ["http-nio-8080"] connector has been configured to support HTTP upgrade to [h2c]
2026-07-05 12:00:18.346 [restartedMain] INFO  o.a.coyote.http11.Http11NioProtocol - Initializing ProtocolHandler ["http-nio-8080"]
2026-07-05 12:00:18.349 [restartedMain] INFO  o.a.catalina.core.StandardService - Starting service [Tomcat]
2026-07-05 12:00:18.349 [restartedMain] INFO  o.a.catalina.core.StandardEngine - Starting Servlet engine: [Apache Tomcat/10.1.41]
2026-07-05 12:00:18.460 [restartedMain] INFO  o.a.c.c.C.[Tomcat].[localhost].[/] - Initializing Spring embedded WebApplicationContext
2026-07-05 12:00:18.461 [restartedMain] INFO  o.s.b.w.s.c.ServletWebServerApplicationContext - Root WebApplicationContext: initialization completed in 5891 ms
2026-07-05 12:00:19.039 [restartedMain] INFO  o.h.jpa.internal.util.LogHelper - HHH000204: Processing PersistenceUnitInfo [name: default]
2026-07-05 12:00:19.140 [restartedMain] INFO  org.hibernate.Version - HHH000412: Hibernate ORM core version 6.6.15.Final
2026-07-05 12:00:19.211 [restartedMain] INFO  o.h.c.i.RegionFactoryInitiator - HHH000026: Second-level cache disabled
2026-07-05 12:00:19.794 [restartedMain] INFO  o.s.o.j.p.SpringPersistenceUnitInfo - No LoadTimeWeaver setup: ignoring JPA class transformer
2026-07-05 12:00:19.817 [restartedMain] WARN  org.hibernate.orm.deprecation - HHH90000021: Encountered deprecated setting [hibernate.temp.use_jdbc_metadata_defaults], use [hibernate.boot.allow_jdbc_metadata_access] instead
2026-07-05 12:00:19.848 [restartedMain] INFO  com.zaxxer.hikari.HikariDataSource - PoolHikari - Starting...
2026-07-05 12:00:20.176 [restartedMain] INFO  com.zaxxer.hikari.pool.HikariPool - PoolHikari - Added connection org.postgresql.jdbc.PgConnection@2b7afaf
2026-07-05 12:00:20.183 [restartedMain] INFO  com.zaxxer.hikari.HikariDataSource - PoolHikari - Start completed.
2026-07-05 12:00:20.246 [restartedMain] WARN  org.hibernate.orm.deprecation - HHH90000025: PostgreSQLDialect does not need to be specified explicitly using 'hibernate.dialect' (remove the property setting and it will be selected by default)
2026-07-05 12:00:20.288 [restartedMain] INFO  o.hibernate.orm.connections.pooling - HHH10001005: Database info:
	Database JDBC URL [Connecting through datasource 'HikariDataSource (PoolHikari)']
	Database driver: undefined/unknown
	Database version: 17.6
	Autocommit mode: undefined/unknown
	Isolation level: undefined/unknown
	Minimum pool size: undefined/unknown
	Maximum pool size: undefined/unknown
2026-07-05 12:00:22.988 [restartedMain] INFO  o.h.e.t.j.p.i.JtaPlatformInitiator - HHH000489: No JTA platform available (set 'hibernate.transaction.jta.platform' to enable JTA platform integration)
2026-07-05 12:00:23.014 [restartedMain] INFO  o.hibernate.orm.connections.access - HHH10001501: Connection obtained from JdbcConnectionAccess [org.hibernate.engine.jdbc.env.internal.JdbcEnvironmentInitiator$ConnectionProviderJdbcConnectionAccess@12496b7a] for (non-JTA) DDL execution was not in auto-commit mode; the Connection 'local transaction' will be committed and the Connection will be set into auto-commit mode.
2026-07-05 12:00:23.888 [restartedMain] INFO  o.s.o.j.LocalContainerEntityManagerFactoryBean - Initialized JPA EntityManagerFactory for persistence unit 'default'
2026-07-05 12:00:24.673 [restartedMain] INFO  o.s.s.c.a.a.c.InitializeUserDetailsBeanManagerConfigurer$InitializeUserDetailsManagerConfigurer - Global AuthenticationManager configured with UserDetailsService bean with name authorizationServiceImpl
2026-07-05 12:00:25.599 [restartedMain] INFO  o.s.d.j.r.query.QueryEnhancerFactory - Hibernate is in classpath; If applicable, HQL parser will be used.
2026-07-05 12:00:28.473 [restartedMain] INFO  o.s.b.a.e.web.EndpointLinksResolver - Exposing 1 endpoint beneath base path '/api'
2026-07-05 12:00:30.931 [restartedMain] INFO  o.s.v.b.OptionalValidatorFactoryBean - Failed to set up a Bean Validation provider: jakarta.validation.NoProviderFoundException: Unable to create a Configuration, because no Jakarta Bean Validation provider could be found. Add a provider like Hibernate Validator (RI) to your classpath.
2026-07-05 12:00:32.746 [restartedMain] INFO  o.s.b.d.a.OptionalLiveReloadServer - LiveReload server is running on port 35729
2026-07-05 12:00:33.082 [restartedMain] INFO  o.a.coyote.http11.Http11NioProtocol - Starting ProtocolHandler ["http-nio-8080"]
2026-07-05 12:00:33.133 [restartedMain] INFO  o.s.b.w.e.tomcat.TomcatWebServer - Tomcat started on port 8080 (http) with context path '/'
2026-07-05 12:00:33.342 [restartedMain] INFO  c.s.desk.ServiceDeskApplication - Started ServiceDeskApplication in 22.184 seconds (process running for 23.197)
2026-07-05 12:01:01.735 [scheduling-1] INFO  c.s.d.s.i.BrapiIntegrationServiceImpl - Total de ativos retornados pela BRAPI: 2000
2026-07-05 12:01:10.971 [scheduling-1] INFO  c.s.d.s.i.BrapiIntegrationServiceImpl - Sincronização finalizada com sucesso. 2000 ativos processados.
2026-07-05 12:01:10.979 [scheduling-1] INFO  c.s.d.scheduler.BrapiSyncScheduler - BRAPI scheduled sync finished successfully
2026-07-05 12:07:13.917 [SpringApplicationShutdownHook] INFO  o.s.b.w.e.tomcat.GracefulShutdown - Commencing graceful shutdown. Waiting for active requests to complete
2026-07-05 12:07:13.938 [tomcat-shutdown] INFO  o.s.b.w.e.tomcat.GracefulShutdown - Graceful shutdown complete
2026-07-05 12:07:13.948 [SpringApplicationShutdownHook] INFO  o.s.o.j.LocalContainerEntityManagerFactoryBean - Closing JPA EntityManagerFactory for persistence unit 'default'
2026-07-05 12:07:13.952 [SpringApplicationShutdownHook] INFO  com.zaxxer.hikari.HikariDataSource - PoolHikari - Shutdown initiated...
2026-07-05 12:07:13.960 [SpringApplicationShutdownHook] INFO  com.zaxxer.hikari.HikariDataSource - PoolHikari - Shutdown completed.
2026-07-05 12:07:23.127 [restartedMain] INFO  c.s.desk.ServiceDeskApplication - Starting ServiceDeskApplication using Java 17.0.12 with PID 15676 (C:\Users\Airton\Documents\workspace-spring-tool-suite-4-4.16.0.RELEASE\FluxoCaixa\target\classes started by Airton in C:\Users\Airton\Documents\workspace-spring-tool-suite-4-4.16.0.RELEASE\FluxoCaixa)
2026-07-05 12:07:23.129 [restartedMain] INFO  c.s.desk.ServiceDeskApplication - The following 1 profile is active: "dev"
2026-07-05 12:07:23.403 [restartedMain] INFO  o.s.b.d.e.DevToolsPropertyDefaultsPostProcessor - Devtools property defaults active! Set 'spring.devtools.add-properties' to 'false' to disable
2026-07-05 12:07:23.403 [restartedMain] INFO  o.s.b.d.e.DevToolsPropertyDefaultsPostProcessor - For additional web related logging consider setting the 'logging.level.web' property to 'DEBUG'
2026-07-05 12:07:26.947 [restartedMain] INFO  o.s.d.r.c.RepositoryConfigurationDelegate - Bootstrapping Spring Data JPA repositories in DEFAULT mode.
2026-07-05 12:07:27.118 [restartedMain] INFO  o.s.d.r.c.RepositoryConfigurationDelegate - Finished Spring Data repository scanning in 152 ms. Found 20 JPA repository interfaces.
2026-07-05 12:07:37.393 [restartedMain] INFO  o.s.b.w.e.tomcat.TomcatWebServer - Tomcat initialized with port 8080 (http)
2026-07-05 12:07:37.510 [restartedMain] INFO  o.a.coyote.http11.Http11NioProtocol - The ["http-nio-8080"] connector has been configured to support HTTP upgrade to [h2c]
2026-07-05 12:07:37.511 [restartedMain] INFO  o.a.coyote.http11.Http11NioProtocol - Initializing ProtocolHandler ["http-nio-8080"]
2026-07-05 12:07:37.514 [restartedMain] INFO  o.a.catalina.core.StandardService - Starting service [Tomcat]
2026-07-05 12:07:37.515 [restartedMain] INFO  o.a.catalina.core.StandardEngine - Starting Servlet engine: [Apache Tomcat/10.1.41]
2026-07-05 12:07:39.188 [restartedMain] INFO  o.a.c.c.C.[Tomcat].[localhost].[/] - Initializing Spring embedded WebApplicationContext
2026-07-05 12:07:39.189 [restartedMain] INFO  o.s.b.w.s.c.ServletWebServerApplicationContext - Root WebApplicationContext: initialization completed in 15785 ms
2026-07-05 12:07:41.647 [restartedMain] INFO  o.h.jpa.internal.util.LogHelper - HHH000204: Processing PersistenceUnitInfo [name: default]
2026-07-05 12:07:41.815 [restartedMain] INFO  org.hibernate.Version - HHH000412: Hibernate ORM core version 6.6.15.Final
2026-07-05 12:07:41.926 [restartedMain] INFO  o.h.c.i.RegionFactoryInitiator - HHH000026: Second-level cache disabled
2026-07-05 12:07:42.693 [restartedMain] INFO  o.s.o.j.p.SpringPersistenceUnitInfo - No LoadTimeWeaver setup: ignoring JPA class transformer
2026-07-05 12:07:42.730 [restartedMain] WARN  org.hibernate.orm.deprecation - HHH90000021: Encountered deprecated setting [hibernate.temp.use_jdbc_metadata_defaults], use [hibernate.boot.allow_jdbc_metadata_access] instead
2026-07-05 12:07:42.801 [restartedMain] INFO  com.zaxxer.hikari.HikariDataSource - PoolHikari - Starting...
2026-07-05 12:07:43.225 [restartedMain] INFO  com.zaxxer.hikari.pool.HikariPool - PoolHikari - Added connection org.postgresql.jdbc.PgConnection@124360b6
2026-07-05 12:07:43.233 [restartedMain] INFO  com.zaxxer.hikari.HikariDataSource - PoolHikari - Start completed.
2026-07-05 12:07:43.300 [restartedMain] WARN  org.hibernate.orm.deprecation - HHH90000025: PostgreSQLDialect does not need to be specified explicitly using 'hibernate.dialect' (remove the property setting and it will be selected by default)
2026-07-05 12:07:43.344 [restartedMain] INFO  o.hibernate.orm.connections.pooling - HHH10001005: Database info:
	Database JDBC URL [Connecting through datasource 'HikariDataSource (PoolHikari)']
	Database driver: undefined/unknown
	Database version: 17.6
	Autocommit mode: undefined/unknown
	Isolation level: undefined/unknown
	Minimum pool size: undefined/unknown
	Maximum pool size: undefined/unknown
2026-07-05 12:07:48.037 [restartedMain] INFO  o.h.e.t.j.p.i.JtaPlatformInitiator - HHH000489: No JTA platform available (set 'hibernate.transaction.jta.platform' to enable JTA platform integration)
2026-07-05 12:07:48.951 [restartedMain] INFO  o.hibernate.orm.connections.access - HHH10001501: Connection obtained from JdbcConnectionAccess [org.hibernate.engine.jdbc.env.internal.JdbcEnvironmentInitiator$ConnectionProviderJdbcConnectionAccess@28798165] for (non-JTA) DDL execution was not in auto-commit mode; the Connection 'local transaction' will be committed and the Connection will be set into auto-commit mode.
2026-07-05 12:07:49.850 [restartedMain] INFO  o.s.o.j.LocalContainerEntityManagerFactoryBean - Initialized JPA EntityManagerFactory for persistence unit 'default'
2026-07-05 12:08:00.195 [restartedMain] INFO  o.s.s.c.a.a.c.InitializeUserDetailsBeanManagerConfigurer$InitializeUserDetailsManagerConfigurer - Global AuthenticationManager configured with UserDetailsService bean with name authorizationServiceImpl
2026-07-05 12:08:13.489 [restartedMain] INFO  o.s.d.j.r.query.QueryEnhancerFactory - Hibernate is in classpath; If applicable, HQL parser will be used.
2026-07-05 12:08:23.645 [restartedMain] INFO  o.s.b.a.e.web.EndpointLinksResolver - Exposing 1 endpoint beneath base path '/api'
2026-07-05 12:08:24.818 [restartedMain] INFO  o.s.v.b.OptionalValidatorFactoryBean - Failed to set up a Bean Validation provider: jakarta.validation.NoProviderFoundException: Unable to create a Configuration, because no Jakarta Bean Validation provider could be found. Add a provider like Hibernate Validator (RI) to your classpath.
2026-07-05 12:08:25.432 [restartedMain] INFO  o.s.b.d.a.OptionalLiveReloadServer - LiveReload server is running on port 35729
2026-07-05 12:08:25.558 [restartedMain] INFO  o.s.b.w.e.tomcat.TomcatWebServer - Tomcat started on port 8080 (http) with context path '/'
2026-07-05 12:08:25.595 [restartedMain] INFO  c.s.desk.ServiceDeskApplication - Started ServiceDeskApplication in 64.514 seconds (process running for 65.746)
2026-07-05 12:08:25.605 [SpringApplicationShutdownHook] INFO  o.s.b.w.e.tomcat.GracefulShutdown - Commencing graceful shutdown. Waiting for active requests to complete
2026-07-05 12:08:25.647 [tomcat-shutdown] INFO  o.s.b.w.e.tomcat.GracefulShutdown - Graceful shutdown complete
2026-07-05 12:08:25.673 [SpringApplicationShutdownHook] INFO  o.s.o.j.LocalContainerEntityManagerFactoryBean - Closing JPA EntityManagerFactory for persistence unit 'default'
2026-07-05 12:08:25.684 [SpringApplicationShutdownHook] INFO  com.zaxxer.hikari.HikariDataSource - PoolHikari - Shutdown initiated...
2026-07-05 12:08:25.697 [SpringApplicationShutdownHook] INFO  com.zaxxer.hikari.HikariDataSource - PoolHikari - Shutdown completed.
2026-07-05 12:08:33.965 [restartedMain] INFO  c.s.desk.ServiceDeskApplication - Starting ServiceDeskApplication using Java 17.0.12 with PID 14780 (C:\Users\Airton\Documents\workspace-spring-tool-suite-4-4.16.0.RELEASE\FluxoCaixa\target\classes started by Airton in C:\Users\Airton\Documents\workspace-spring-tool-suite-4-4.16.0.RELEASE\FluxoCaixa)
2026-07-05 12:08:33.967 [restartedMain] INFO  c.s.desk.ServiceDeskApplication - The following 1 profile is active: "dev"
2026-07-05 12:08:34.140 [restartedMain] INFO  o.s.b.d.e.DevToolsPropertyDefaultsPostProcessor - Devtools property defaults active! Set 'spring.devtools.add-properties' to 'false' to disable
2026-07-05 12:08:34.141 [restartedMain] INFO  o.s.b.d.e.DevToolsPropertyDefaultsPostProcessor - For additional web related logging consider setting the 'logging.level.web' property to 'DEBUG'
2026-07-05 12:08:39.658 [restartedMain] INFO  o.s.d.r.c.RepositoryConfigurationDelegate - Bootstrapping Spring Data JPA repositories in DEFAULT mode.
2026-07-05 12:08:39.847 [restartedMain] INFO  o.s.d.r.c.RepositoryConfigurationDelegate - Finished Spring Data repository scanning in 166 ms. Found 20 JPA repository interfaces.
2026-07-05 12:08:42.875 [restartedMain] INFO  o.s.b.w.e.tomcat.TomcatWebServer - Tomcat initialized with port 8080 (http)
2026-07-05 12:08:42.899 [restartedMain] INFO  o.a.coyote.http11.Http11NioProtocol - The ["http-nio-8080"] connector has been configured to support HTTP upgrade to [h2c]
2026-07-05 12:08:42.899 [restartedMain] INFO  o.a.coyote.http11.Http11NioProtocol - Initializing ProtocolHandler ["http-nio-8080"]
2026-07-05 12:08:42.904 [restartedMain] INFO  o.a.catalina.core.StandardService - Starting service [Tomcat]
2026-07-05 12:08:42.905 [restartedMain] INFO  o.a.catalina.core.StandardEngine - Starting Servlet engine: [Apache Tomcat/10.1.41]
2026-07-05 12:08:43.044 [restartedMain] INFO  o.a.c.c.C.[Tomcat].[localhost].[/] - Initializing Spring embedded WebApplicationContext
2026-07-05 12:08:43.045 [restartedMain] INFO  o.s.b.w.s.c.ServletWebServerApplicationContext - Root WebApplicationContext: initialization completed in 8903 ms
2026-07-05 12:08:44.265 [restartedMain] INFO  o.h.jpa.internal.util.LogHelper - HHH000204: Processing PersistenceUnitInfo [name: default]
2026-07-05 12:08:44.422 [restartedMain] INFO  org.hibernate.Version - HHH000412: Hibernate ORM core version 6.6.15.Final
2026-07-05 12:08:44.599 [restartedMain] INFO  o.h.c.i.RegionFactoryInitiator - HHH000026: Second-level cache disabled
2026-07-05 12:08:45.394 [restartedMain] INFO  o.s.o.j.p.SpringPersistenceUnitInfo - No LoadTimeWeaver setup: ignoring JPA class transformer
2026-07-05 12:08:45.426 [restartedMain] WARN  org.hibernate.orm.deprecation - HHH90000021: Encountered deprecated setting [hibernate.temp.use_jdbc_metadata_defaults], use [hibernate.boot.allow_jdbc_metadata_access] instead
2026-07-05 12:08:45.457 [restartedMain] INFO  com.zaxxer.hikari.HikariDataSource - PoolHikari - Starting...
2026-07-05 12:08:45.807 [restartedMain] INFO  com.zaxxer.hikari.pool.HikariPool - PoolHikari - Added connection org.postgresql.jdbc.PgConnection@3abd7b9a
2026-07-05 12:08:45.812 [restartedMain] INFO  com.zaxxer.hikari.HikariDataSource - PoolHikari - Start completed.
2026-07-05 12:08:45.881 [restartedMain] WARN  org.hibernate.orm.deprecation - HHH90000025: PostgreSQLDialect does not need to be specified explicitly using 'hibernate.dialect' (remove the property setting and it will be selected by default)
2026-07-05 12:08:45.921 [restartedMain] INFO  o.hibernate.orm.connections.pooling - HHH10001005: Database info:
	Database JDBC URL [Connecting through datasource 'HikariDataSource (PoolHikari)']
	Database driver: undefined/unknown
	Database version: 17.6
	Autocommit mode: undefined/unknown
	Isolation level: undefined/unknown
	Minimum pool size: undefined/unknown
	Maximum pool size: undefined/unknown
2026-07-05 12:08:50.055 [restartedMain] INFO  o.h.e.t.j.p.i.JtaPlatformInitiator - HHH000489: No JTA platform available (set 'hibernate.transaction.jta.platform' to enable JTA platform integration)
2026-07-05 12:08:50.081 [restartedMain] INFO  o.hibernate.orm.connections.access - HHH10001501: Connection obtained from JdbcConnectionAccess [org.hibernate.engine.jdbc.env.internal.JdbcEnvironmentInitiator$ConnectionProviderJdbcConnectionAccess@6bd435d3] for (non-JTA) DDL execution was not in auto-commit mode; the Connection 'local transaction' will be committed and the Connection will be set into auto-commit mode.
2026-07-05 12:08:51.062 [restartedMain] INFO  o.s.o.j.LocalContainerEntityManagerFactoryBean - Initialized JPA EntityManagerFactory for persistence unit 'default'
2026-07-05 12:08:52.145 [restartedMain] INFO  o.s.s.c.a.a.c.InitializeUserDetailsBeanManagerConfigurer$InitializeUserDetailsManagerConfigurer - Global AuthenticationManager configured with UserDetailsService bean with name authorizationServiceImpl
2026-07-05 12:08:53.413 [restartedMain] INFO  o.s.d.j.r.query.QueryEnhancerFactory - Hibernate is in classpath; If applicable, HQL parser will be used.
2026-07-05 12:08:55.435 [restartedMain] INFO  o.s.b.a.e.web.EndpointLinksResolver - Exposing 1 endpoint beneath base path '/api'
2026-07-05 12:08:56.160 [restartedMain] INFO  o.s.v.b.OptionalValidatorFactoryBean - Failed to set up a Bean Validation provider: jakarta.validation.NoProviderFoundException: Unable to create a Configuration, because no Jakarta Bean Validation provider could be found. Add a provider like Hibernate Validator (RI) to your classpath.
2026-07-05 12:08:56.797 [restartedMain] INFO  o.s.b.d.a.OptionalLiveReloadServer - LiveReload server is running on port 35729
2026-07-05 12:08:56.929 [restartedMain] INFO  o.a.coyote.http11.Http11NioProtocol - Starting ProtocolHandler ["http-nio-8080"]
2026-07-05 12:08:56.962 [restartedMain] INFO  o.s.b.w.e.tomcat.TomcatWebServer - Tomcat started on port 8080 (http) with context path '/'
2026-07-05 12:08:57.050 [restartedMain] INFO  c.s.desk.ServiceDeskApplication - Started ServiceDeskApplication in 24.511 seconds (process running for 25.572)
2026-07-05 12:09:01.201 [scheduling-1] INFO  c.s.d.s.i.BrapiIntegrationServiceImpl - Total de ativos retornados pela BRAPI: 2000
2026-07-05 12:09:10.710 [scheduling-1] INFO  c.s.d.s.i.BrapiIntegrationServiceImpl - Sincronização finalizada com sucesso. 2000 ativos processados.
2026-07-05 12:09:10.719 [scheduling-1] INFO  c.s.d.scheduler.BrapiSyncScheduler - BRAPI scheduled sync finished successfully
2026-07-05 12:16:03.743 [http-nio-8080-exec-5] INFO  o.a.c.c.C.[Tomcat].[localhost].[/] - Initializing Spring DispatcherServlet 'dispatcherServlet'
2026-07-05 12:16:03.892 [http-nio-8080-exec-5] INFO  o.s.web.servlet.DispatcherServlet - Initializing Servlet 'dispatcherServlet'
2026-07-05 12:16:03.958 [http-nio-8080-exec-5] INFO  o.s.web.servlet.DispatcherServlet - Completed initialization in 66 ms
2026-07-05 12:16:13.644 [http-nio-8080-exec-8] WARN  o.s.d.w.c.SpringDataJacksonConfiguration$PageModule$WarningLoggingModifier - Serializing PageImpl instances as-is is not supported, meaning that there is no guarantee about the stability of the resulting JSON structure!
	For a stable JSON structure, please use Spring Data's PagedModel (globally via @EnableSpringDataWebSupport(pageSerializationMode = VIA_DTO))
	or Spring HATEOAS and Spring Data's PagedResourcesAssembler as documented in https://docs.spring.io/spring-data/commons/reference/repositories/core-extensions.html#core.web.pageables.

2026-07-05 12:25:12.582 [SpringApplicationShutdownHook] INFO  o.s.b.w.e.tomcat.GracefulShutdown - Commencing graceful shutdown. Waiting for active requests to complete
2026-07-05 12:25:12.640 [tomcat-shutdown] INFO  o.s.b.w.e.tomcat.GracefulShutdown - Graceful shutdown complete
2026-07-05 12:25:12.680 [SpringApplicationShutdownHook] INFO  o.s.o.j.LocalContainerEntityManagerFactoryBean - Closing JPA EntityManagerFactory for persistence unit 'default'
2026-07-05 12:25:12.749 [SpringApplicationShutdownHook] INFO  com.zaxxer.hikari.HikariDataSource - PoolHikari - Shutdown initiated...
2026-07-05 12:25:12.766 [SpringApplicationShutdownHook] INFO  com.zaxxer.hikari.HikariDataSource - PoolHikari - Shutdown completed.
2026-07-05 12:25:24.698 [restartedMain] INFO  c.s.desk.ServiceDeskApplication - Starting ServiceDeskApplication using Java 17.0.12 with PID 5988 (C:\Users\Airton\Documents\workspace-spring-tool-suite-4-4.16.0.RELEASE\FluxoCaixa\target\classes started by Airton in C:\Users\Airton\Documents\workspace-spring-tool-suite-4-4.16.0.RELEASE\FluxoCaixa)
2026-07-05 12:25:24.701 [restartedMain] INFO  c.s.desk.ServiceDeskApplication - The following 1 profile is active: "dev"
2026-07-05 12:25:24.878 [restartedMain] INFO  o.s.b.d.e.DevToolsPropertyDefaultsPostProcessor - Devtools property defaults active! Set 'spring.devtools.add-properties' to 'false' to disable
2026-07-05 12:25:24.878 [restartedMain] INFO  o.s.b.d.e.DevToolsPropertyDefaultsPostProcessor - For additional web related logging consider setting the 'logging.level.web' property to 'DEBUG'
2026-07-05 12:25:28.144 [restartedMain] INFO  o.s.d.r.c.RepositoryConfigurationDelegate - Bootstrapping Spring Data JPA repositories in DEFAULT mode.
2026-07-05 12:25:28.373 [restartedMain] INFO  o.s.d.r.c.RepositoryConfigurationDelegate - Finished Spring Data repository scanning in 203 ms. Found 20 JPA repository interfaces.
2026-07-05 12:25:31.122 [restartedMain] INFO  o.s.b.w.e.tomcat.TomcatWebServer - Tomcat initialized with port 8080 (http)
2026-07-05 12:25:31.157 [restartedMain] INFO  o.a.coyote.http11.Http11NioProtocol - The ["http-nio-8080"] connector has been configured to support HTTP upgrade to [h2c]
2026-07-05 12:25:31.157 [restartedMain] INFO  o.a.coyote.http11.Http11NioProtocol - Initializing ProtocolHandler ["http-nio-8080"]
2026-07-05 12:25:31.160 [restartedMain] INFO  o.a.catalina.core.StandardService - Starting service [Tomcat]
2026-07-05 12:25:31.161 [restartedMain] INFO  o.a.catalina.core.StandardEngine - Starting Servlet engine: [Apache Tomcat/10.1.41]
2026-07-05 12:25:31.296 [restartedMain] INFO  o.a.c.c.C.[Tomcat].[localhost].[/] - Initializing Spring embedded WebApplicationContext
2026-07-05 12:25:31.297 [restartedMain] INFO  o.s.b.w.s.c.ServletWebServerApplicationContext - Root WebApplicationContext: initialization completed in 6418 ms
2026-07-05 12:25:31.863 [restartedMain] INFO  o.h.jpa.internal.util.LogHelper - HHH000204: Processing PersistenceUnitInfo [name: default]
2026-07-05 12:25:32.017 [restartedMain] INFO  org.hibernate.Version - HHH000412: Hibernate ORM core version 6.6.15.Final
2026-07-05 12:25:32.117 [restartedMain] INFO  o.h.c.i.RegionFactoryInitiator - HHH000026: Second-level cache disabled
2026-07-05 12:25:32.766 [restartedMain] INFO  o.s.o.j.p.SpringPersistenceUnitInfo - No LoadTimeWeaver setup: ignoring JPA class transformer
2026-07-05 12:25:32.790 [restartedMain] WARN  org.hibernate.orm.deprecation - HHH90000021: Encountered deprecated setting [hibernate.temp.use_jdbc_metadata_defaults], use [hibernate.boot.allow_jdbc_metadata_access] instead
2026-07-05 12:25:32.817 [restartedMain] INFO  com.zaxxer.hikari.HikariDataSource - PoolHikari - Starting...
2026-07-05 12:25:33.085 [restartedMain] INFO  com.zaxxer.hikari.pool.HikariPool - PoolHikari - Added connection org.postgresql.jdbc.PgConnection@16d08120
2026-07-05 12:25:33.097 [restartedMain] INFO  com.zaxxer.hikari.HikariDataSource - PoolHikari - Start completed.
2026-07-05 12:25:33.238 [restartedMain] WARN  org.hibernate.orm.deprecation - HHH90000025: PostgreSQLDialect does not need to be specified explicitly using 'hibernate.dialect' (remove the property setting and it will be selected by default)
2026-07-05 12:25:33.297 [restartedMain] INFO  o.hibernate.orm.connections.pooling - HHH10001005: Database info:
	Database JDBC URL [Connecting through datasource 'HikariDataSource (PoolHikari)']
	Database driver: undefined/unknown
	Database version: 17.6
	Autocommit mode: undefined/unknown
	Isolation level: undefined/unknown
	Minimum pool size: undefined/unknown
	Maximum pool size: undefined/unknown
2026-07-05 12:25:35.361 [restartedMain] INFO  o.h.e.t.j.p.i.JtaPlatformInitiator - HHH000489: No JTA platform available (set 'hibernate.transaction.jta.platform' to enable JTA platform integration)
2026-07-05 12:25:35.385 [restartedMain] INFO  o.hibernate.orm.connections.access - HHH10001501: Connection obtained from JdbcConnectionAccess [org.hibernate.engine.jdbc.env.internal.JdbcEnvironmentInitiator$ConnectionProviderJdbcConnectionAccess@7bf07ef8] for (non-JTA) DDL execution was not in auto-commit mode; the Connection 'local transaction' will be committed and the Connection will be set into auto-commit mode.
2026-07-05 12:25:36.298 [restartedMain] INFO  o.s.o.j.LocalContainerEntityManagerFactoryBean - Initialized JPA EntityManagerFactory for persistence unit 'default'
2026-07-05 12:25:37.107 [restartedMain] INFO  o.s.s.c.a.a.c.InitializeUserDetailsBeanManagerConfigurer$InitializeUserDetailsManagerConfigurer - Global AuthenticationManager configured with UserDetailsService bean with name authorizationServiceImpl
2026-07-05 12:25:37.998 [restartedMain] INFO  o.s.d.j.r.query.QueryEnhancerFactory - Hibernate is in classpath; If applicable, HQL parser will be used.
2026-07-05 12:25:39.953 [restartedMain] INFO  o.s.b.a.e.web.EndpointLinksResolver - Exposing 1 endpoint beneath base path '/api'
2026-07-05 12:25:40.826 [restartedMain] INFO  o.s.v.b.OptionalValidatorFactoryBean - Failed to set up a Bean Validation provider: jakarta.validation.NoProviderFoundException: Unable to create a Configuration, because no Jakarta Bean Validation provider could be found. Add a provider like Hibernate Validator (RI) to your classpath.
2026-07-05 12:25:41.394 [restartedMain] INFO  o.s.b.d.a.OptionalLiveReloadServer - LiveReload server is running on port 35729
2026-07-05 12:25:41.504 [restartedMain] INFO  o.a.coyote.http11.Http11NioProtocol - Starting ProtocolHandler ["http-nio-8080"]
2026-07-05 12:25:41.550 [restartedMain] INFO  o.s.b.w.e.tomcat.TomcatWebServer - Tomcat started on port 8080 (http) with context path '/'
2026-07-05 12:25:41.596 [restartedMain] INFO  c.s.desk.ServiceDeskApplication - Started ServiceDeskApplication in 19.236 seconds (process running for 20.473)
